******************************************************************************
             TMS320C2000 Linker PC v22.6.1                     
******************************************************************************
>> Linked Sat Aug 30 14:48:46 2025

OUTPUT FILE NAME:   <OpenLoop-DQ.out>
ENTRY POINT SYMBOL: "_c_int00"  address: 00085151


MEMORY CONFIGURATION

         name            origin    length      used     unused   attr    fill
----------------------  --------  ---------  --------  --------  ----  --------
PAGE 0:
  RAMLS0                00008000   00000800  0000004c  000007b4  RWIX
  RAMLS1                00008800   00000800  00000000  00000800  RWIX
  RAMLS2                00009000   00000800  00000000  00000800  RWIX
  RAMLS3                00009800   00000800  00000000  00000800  RWIX
  RAMLS4                0000a000   00000800  00000000  00000800  RWIX
  BEGIN                 00080000   00000002  00000002  00000000  RWIX
  FLASH_BANK0_SEC0      00080002   00000ffe  00000000  00000ffe  RWIX
  FLASH_BANK0_SEC1      00081000   00001000  000001b0  00000e50  RWIX
  FLASH_BANK0_SEC2      00082000   00001000  00001000  00000000  RWIX
  FLASH_BANK0_SEC3      00083000   00001000  00000fff  00000001  RWIX
  FLASH_BANK0_SEC4      00084000   00001000  00000b42  000004be  RWIX
  FLASH_BANK0_SEC5      00085000   00001000  000002a0  00000d60  RWIX
  FLASH_BANK0_SEC6      00086000   00001000  00000000  00001000  RWIX
  FLASH_BANK0_SEC7      00087000   00001000  00000000  00001000  RWIX
  FLASH_BANK0_SEC8      00088000   00001000  00000000  00001000  RWIX
  FLASH_BANK0_SEC9      00089000   00001000  00000000  00001000  RWIX
  FLASH_BANK0_SEC10     0008a000   00001000  00000000  00001000  RWIX
  FLASH_BANK0_SEC11     0008b000   00001000  00000000  00001000  RWIX
  FLASH_BANK0_SEC12     0008c000   00001000  00000000  00001000  RWIX
  FLASH_BANK0_SEC13     0008d000   00001000  00000000  00001000  RWIX
  FLASH_BANK0_SEC14     0008e000   00001000  00000000  00001000  RWIX
  FLASH_BANK0_SEC15     0008f000   00001000  00000000  00001000  RWIX
  FLASH_BANK1_SEC0      00090000   00001000  00000000  00001000  RWIX
  FLASH_BANK1_SEC1      00091000   00001000  00000000  00001000  RWIX
  FLASH_BANK1_SEC2      00092000   00001000  00000000  00001000  RWIX
  FLASH_BANK1_SEC3      00093000   00001000  00000000  00001000  RWIX
  FLASH_BANK1_SEC4      00094000   00001000  00000000  00001000  RWIX
  FLASH_BANK1_SEC5      00095000   00001000  00000000  00001000  RWIX
  FLASH_BANK1_SEC6      00096000   00001000  00000000  00001000  RWIX
  FLASH_BANK1_SEC7      00097000   00001000  00000000  00001000  RWIX
  FLASH_BANK1_SEC8      00098000   00001000  00000000  00001000  RWIX
  FLASH_BANK1_SEC9      00099000   00001000  00000000  00001000  RWIX
  FLASH_BANK1_SEC10     0009a000   00001000  00000000  00001000  RWIX
  FLASH_BANK1_SEC11     0009b000   00001000  00000000  00001000  RWIX
  FLASH_BANK1_SEC12     0009c000   00001000  00000000  00001000  RWIX
  FLASH_BANK1_SEC13     0009d000   00001000  00000000  00001000  RWIX
  FLASH_BANK1_SEC14     0009e000   00001000  00000000  00001000  RWIX
  FLASH_BANK1_SEC15     0009f000   00000ff0  00000000  00000ff0  RWIX
  RESET                 003fffc0   00000002  00000000  00000002  RWIX

PAGE 1:
  BOOT_RSVD             00000002   000000f1  00000000  000000f1  RWIX
  RAMM0                 000000f6   0000030a  00000200  0000010a  RWIX
  RAMM1                 00000400   000003f8  00000000  000003f8  RWIX
  ADCARESULT            00000b00   00000018  00000018  00000000  RWIX
  ADCBRESULT            00000b20   00000018  00000018  00000000  RWIX
  ADCCRESULT            00000b40   00000018  00000018  00000000  RWIX
  CPUTIMER0             00000c00   00000008  00000008  00000000  RWIX
  CPUTIMER1             00000c08   00000008  00000008  00000000  RWIX
  CPUTIMER2             00000c10   00000008  00000008  00000000  RWIX
  PIECTRL               00000ce0   0000001a  0000001a  00000000  RWIX
  PIEVECTTABLE          00000d00   00000200  000001c0  00000040  RWIX
  DMA                   00001000   00000200  000000e0  00000120  RWIX
  CLA1                  00001400   00000080  00000048  00000038  RWIX
  CLB1LOGICCFG          00003000   00000052  00000050  00000002  RWIX
  CLB1LOGICCTRL         00003100   00000040  00000040  00000000  RWIX
  CLB1DATAEXCH          00003200   00000200  00000108  000000f8  RWIX
  CLB2LOGICCFG          00003400   00000052  00000050  00000002  RWIX
  CLB2LOGICCTRL         00003500   00000040  00000040  00000000  RWIX
  CLB2DATAEXCH          00003600   00000200  00000108  000000f8  RWIX
  CLB3LOGICCFG          00003800   00000052  00000050  00000002  RWIX
  CLB3LOGICCTRL         00003900   00000040  00000040  00000000  RWIX
  CLB3DATAEXCH          00003a00   00000200  00000108  000000f8  RWIX
  CLB4LOGICCFG          00003c00   00000052  00000050  00000002  RWIX
  CLB4LOGICCTRL         00003d00   00000040  00000040  00000000  RWIX
  CLB4DATAEXCH          00003e00   00000200  00000108  000000f8  RWIX
  EPWM1                 00004000   00000100  00000100  00000000  RWIX
  EPWM2                 00004100   00000100  00000100  00000000  RWIX
  EPWM3                 00004200   00000100  00000100  00000000  RWIX
  EPWM4                 00004300   00000100  00000100  00000000  RWIX
  EPWM5                 00004400   00000100  00000100  00000000  RWIX
  EPWM6                 00004500   00000100  00000100  00000000  RWIX
  EPWM7                 00004600   00000100  00000100  00000000  RWIX
  EPWM8                 00004700   00000100  00000100  00000000  RWIX
  EQEP1                 00005100   00000040  00000036  0000000a  RWIX
  EQEP2                 00005140   00000040  00000036  0000000a  RWIX
  ECAP1                 00005200   0000001e  0000001a  00000004  RWIX
  ECAP2                 00005240   0000001e  0000001a  00000004  RWIX
  ECAP3                 00005280   0000001e  0000001a  00000004  RWIX
  ECAP4                 000052c0   0000001e  0000001a  00000004  RWIX
  ECAP5                 00005300   0000001e  0000001a  00000004  RWIX
  ECAP6                 00005340   0000001e  0000001a  00000004  RWIX
  HRCAP6                00005360   00000020  00000016  0000000a  RWIX
  ECAP7                 00005380   0000001e  0000001a  00000004  RWIX
  HRCAP7                000053a0   00000020  00000016  0000000a  RWIX
  PGA1                  00005b00   00000010  0000000a  00000006  RWIX
  PGA2                  00005b10   00000010  0000000a  00000006  RWIX
  PGA3                  00005b20   00000010  0000000a  00000006  RWIX
  PGA4                  00005b30   00000010  0000000a  00000006  RWIX
  PGA5                  00005b40   00000010  0000000a  00000006  RWIX
  PGA6                  00005b50   00000010  0000000a  00000006  RWIX
  PGA7                  00005b60   00000010  0000000a  00000006  RWIX
  DACA                  00005c00   00000008  00000007  00000001  RWIX
  DACB                  00005c10   00000008  00000007  00000001  RWIX
  CMPSS1                00005c80   00000020  0000001b  00000005  RWIX
  CMPSS2                00005ca0   00000020  0000001b  00000005  RWIX
  CMPSS3                00005cc0   00000020  0000001b  00000005  RWIX
  CMPSS4                00005ce0   00000020  0000001b  00000005  RWIX
  CMPSS5                00005d00   00000020  0000001b  00000005  RWIX
  CMPSS6                00005d20   00000020  0000001b  00000005  RWIX
  CMPSS7                00005d40   00000020  0000001b  00000005  RWIX
  SDFM1                 00005e00   00000070  00000050  00000020  RWIX
  SPIA                  00006100   00000010  00000010  00000000  RWIX
  SPIB                  00006110   00000010  00000010  00000000  RWIX
  CLAPROMCRC0           000061c0   00000020  00000020  00000000  RWIX
  PMBUSA                00006400   00000020  0000001e  00000002  RWIX
  FSITXA                00006600   00000050  00000050  00000000  RWIX
  FSIRXA                00006680   00000050  00000050  00000000  RWIX
  LINA                  00006a00   000000ec  000000ec  00000000  RWIX
  WD                    00007000   0000002c  0000002b  00000001  RWIX
  NMIINTRUPT            00007060   00000008  00000007  00000001  RWIX
  XINT                  00007070   0000000c  0000000b  00000001  RWIX
  SCIA                  00007200   00000010  00000010  00000000  RWIX
  SCIB                  00007210   00000010  00000010  00000000  RWIX
  I2CA                  00007300   00000022  00000022  00000000  RWIX
  ADCA                  00007400   00000080  00000076  0000000a  RWIX
  ADCB                  00007480   00000080  00000076  0000000a  RWIX
  ADCC                  00007500   00000080  00000076  0000000a  RWIX
  INPUTXBAR             00007900   00000020  00000020  00000000  RWIX
  XBAR                  00007920   00000020  00000010  00000010  RWIX
  SYNCSOC               00007940   00000006  00000006  00000000  RWIX
  DMACLASRCSEL          00007980   0000001a  0000001a  00000000  RWIX
  EPWMXBAR              00007a00   00000040  00000040  00000000  RWIX
  CLBXBAR               00007a40   00000040  00000040  00000000  RWIX
  OUTPUTXBAR            00007a80   00000040  00000040  00000000  RWIX
  GPIOCTRL              00007c00   00000200  00000200  00000000  RWIX
  GPIODATA              00007f00   00000040  0000003a  00000006  RWIX
  RAMLS5                0000a800   00002000  00000c64  0000139c  RWIX
  RAMLS6                0000c800   00002000  00000000  00002000  RWIX
  RAMLS7                0000e800   00000800  00000000  00000800  RWIX
  RAMGS0                0000f000   00002000  00000000  00002000  RWIX
  RAMGS1                00011000   00002000  00000000  00002000  RWIX
  RAMGS2                00013000   00002000  00000000  00002000  RWIX
  RAMGS3                00015000   00001ff8  00000000  00001ff8  RWIX
  CANA                  00048000   00000200  00000164  0000009c  RWIX
  CANB                  0004a000   00000200  00000164  0000009c  RWIX
  DEVCFG                0005d000   00000180  00000132  0000004e  RWIX
  CLKCFG                0005d200   00000036  00000034  00000002  RWIX
  CPUSYS                0005d300   00000082  00000082  00000000  RWIX
  SYSPERIPHAC           0005d500   00000200  00000200  00000000  RWIX
  ANALOGSUBSYS          0005d700   00000090  00000090  00000000  RWIX
  DCC0                  0005e700   0000002c  0000002c  00000000  RWIX
  ERADGLOBAL            0005e800   00000014  0000000b  00000009  RWIX
  ERADHWBP1             0005e900   00000008  00000008  00000000  RWIX
  ERADHWBP2             0005e908   00000008  00000008  00000000  RWIX
  ERADHWBP3             0005e910   00000008  00000008  00000000  RWIX
  ERADHWBP4             0005e918   00000008  00000008  00000000  RWIX
  ERADHWBP5             0005e920   00000008  00000008  00000000  RWIX
  ERADHWBP6             0005e928   00000008  00000008  00000000  RWIX
  ERADHWBP7             0005e930   00000008  00000008  00000000  RWIX
  ERADHWBP8             0005e938   00000008  00000008  00000000  RWIX
  ERADCOUNTER1          0005e980   00000010  0000000a  00000006  RWIX
  ERADCOUNTER2          0005e990   00000010  0000000a  00000006  RWIX
  ERADCOUNTER3          0005e9a0   00000010  0000000a  00000006  RWIX
  ERADCOUNTER4          0005e9b0   00000010  0000000a  00000006  RWIX
  DCSMBANK0Z1           0005f000   00000024  00000022  00000002  RWIX
  DCSMBANK0Z2           0005f040   00000024  00000022  00000002  RWIX
  DCSMCOMMON            0005f070   00000010  00000010  00000000  RWIX
  DCSMBANK1Z1           0005f100   00000024  00000020  00000004  RWIX
  DCSMBANK1Z2           0005f140   00000024  00000020  00000004  RWIX
  MEMCFG                0005f400   00000080  00000076  0000000a  RWIX
  ACCESSPROTECTION      0005f4c0   00000040  0000002e  00000012  RWIX
  MEMORYERROR           0005f500   00000040  0000003a  00000006  RWIX
  FLASH0CTRL            0005f800   00000182  00000182  00000000  RWIX
  FLASH0ECC             0005fb00   00000028  00000028  00000000  RWIX


SECTION ALLOCATION MAP

 output                                  attributes/
section   page    origin      length       input sections
--------  ----  ----------  ----------   ----------------
codestart 
*          0    00080000    00000002     
                  00080000    00000002     f28004x_codestartbranch.obj (codestart)

.cinit     0    00081000    00000164     
                  00081000    00000123     pid.obj (.cinit)
                  00081123    00000019     main.obj (.cinit)
                  0008113c    0000000e     rts2800_fpu32.lib : exit.c.obj (.cinit)
                  0008114a    00000005     pid.obj (.cinit:_I$2)
                  0008114f    00000005     pid.obj (.cinit:_U$1)
                  00081154    00000005     rts2800_fpu32.lib : _lock.c.obj (.cinit:__lock)
                  00081159    00000005                       : _lock.c.obj (.cinit:__unlock)
                  0008115e    00000004                       : errno.c.obj (.cinit)
                  00081162    00000002     --HOLE-- [fill = 0]

.reset     0    003fffc0    00000002     DSECT
                  003fffc0    00000002     rts2800_fpu32.lib : boot28.asm.obj (.reset)

.stack     1    000000f6    00000200     UNINITIALIZED
                  000000f6    00000200     --HOLE--

.pinit     0    00081000    00000000     UNINITIALIZED

.ebss      1    0000a800    00000c64     UNINITIALIZED
                  0000a800    00000400     oled.obj (.ebss:_OLED_GRAM)
                  0000ac00    00000320     pid.obj (.ebss:_I$2)
                  0000af20    00000018     f28004x_cputimers.obj (.ebss)
                  0000af38    00000006     rts2800_fpu32.lib : exit.c.obj (.ebss)
                  0000af3e    00000002                       : _lock.c.obj (.ebss:__lock)
                  0000af40    00000320     pid.obj (.ebss:_U$1)
                  0000b260    00000004     main.obj (.ebss:_debugarry)
                  0000b264    00000002     rts2800_fpu32.lib : _lock.c.obj (.ebss:__unlock)
                  0000b266    00000001                       : errno.c.obj (.ebss)
                  0000b267    00000019     --HOLE--
                  0000b280    0000013c     pid.obj (.ebss)
                  0000b3bc    00000004     --HOLE--
                  0000b3c0    00000080     board.obj (.ebss)
                  0000b440    00000024     main.obj (.ebss)

.econst    0    00084000    00000b42     
                  00084000    00000474     oled.obj (.econst:_ascii_1206)
                  00084474    000002d0     oled.obj (.econst:_FontHzk_24)
                  00084744    000001c0     f28004x_pievect.obj (.econst:_PieVectTableInit)
                  00084904    00000140     oled.obj (.econst:_FontHzk_16)
                  00084a44    000000f0     oled.obj (.econst:_FontHzk_12)
                  00084b34    0000000e     main.obj (.econst:.string)

.TI.ramfunc 
*          0    00081164    0000004c     RUN ADDR = 00008000
                  00081164    00000048     f28004x_sysctrl.obj (.TI.ramfunc)
                  000811ac    00000004     f28004x_usdelay.obj (.TI.ramfunc)

AdcaResultRegsFile 
*          1    00000b00    00000018     UNINITIALIZED
                  00000b00    00000018     f28004x_globalvariabledefs.obj (AdcaResultRegsFile)

AdcbResultRegsFile 
*          1    00000b20    00000018     UNINITIALIZED
                  00000b20    00000018     f28004x_globalvariabledefs.obj (AdcbResultRegsFile)

AdccResultRegsFile 
*          1    00000b40    00000018     UNINITIALIZED
                  00000b40    00000018     f28004x_globalvariabledefs.obj (AdccResultRegsFile)

CpuTimer0RegsFile 
*          1    00000c00    00000008     UNINITIALIZED
                  00000c00    00000008     f28004x_globalvariabledefs.obj (CpuTimer0RegsFile)

CpuTimer1RegsFile 
*          1    00000c08    00000008     UNINITIALIZED
                  00000c08    00000008     f28004x_globalvariabledefs.obj (CpuTimer1RegsFile)

CpuTimer2RegsFile 
*          1    00000c10    00000008     UNINITIALIZED
                  00000c10    00000008     f28004x_globalvariabledefs.obj (CpuTimer2RegsFile)

PieCtrlRegsFile 
*          1    00000ce0    0000001a     UNINITIALIZED
                  00000ce0    0000001a     f28004x_globalvariabledefs.obj (PieCtrlRegsFile)

PieVectTableFile 
*          1    00000d00    000001c0     UNINITIALIZED
                  00000d00    000001c0     f28004x_globalvariabledefs.obj (PieVectTableFile)

EmuKeyVar 
*          1    00000d00    00000000     UNINITIALIZED

EmuBModeVar 
*          1    00000d00    00000000     UNINITIALIZED

EmuBootPinsVar 
*          1    00000d00    00000000     UNINITIALIZED

FlashCallbackVar 
*          1    00000d00    00000000     UNINITIALIZED

FlashScalingVar 
*          1    00000d00    00000000     UNINITIALIZED

DmaRegsFile 
*          1    00001000    000000e0     UNINITIALIZED
                  00001000    000000e0     f28004x_globalvariabledefs.obj (DmaRegsFile)

Cla1RegsFile 
*          1    00001400    00000048     UNINITIALIZED
                  00001400    00000048     f28004x_globalvariabledefs.obj (Cla1RegsFile)

Clb1LogicCfgRegsFile 
*          1    00003000    00000050     UNINITIALIZED
                  00003000    00000050     f28004x_globalvariabledefs.obj (Clb1LogicCfgRegsFile)

Clb1LogicCtrlRegsFile 
*          1    00003100    00000040     UNINITIALIZED
                  00003100    00000040     f28004x_globalvariabledefs.obj (Clb1LogicCtrlRegsFile)

Clb1DataExchRegsFile 
*          1    00003200    00000108     UNINITIALIZED
                  00003200    00000108     f28004x_globalvariabledefs.obj (Clb1DataExchRegsFile)

Clb2LogicCfgRegsFile 
*          1    00003400    00000050     UNINITIALIZED
                  00003400    00000050     f28004x_globalvariabledefs.obj (Clb2LogicCfgRegsFile)

Clb2LogicCtrlRegsFile 
*          1    00003500    00000040     UNINITIALIZED
                  00003500    00000040     f28004x_globalvariabledefs.obj (Clb2LogicCtrlRegsFile)

Clb2DataExchRegsFile 
*          1    00003600    00000108     UNINITIALIZED
                  00003600    00000108     f28004x_globalvariabledefs.obj (Clb2DataExchRegsFile)

Clb3LogicCfgRegsFile 
*          1    00003800    00000050     UNINITIALIZED
                  00003800    00000050     f28004x_globalvariabledefs.obj (Clb3LogicCfgRegsFile)

Clb3LogicCtrlRegsFile 
*          1    00003900    00000040     UNINITIALIZED
                  00003900    00000040     f28004x_globalvariabledefs.obj (Clb3LogicCtrlRegsFile)

Clb3DataExchRegsFile 
*          1    00003a00    00000108     UNINITIALIZED
                  00003a00    00000108     f28004x_globalvariabledefs.obj (Clb3DataExchRegsFile)

Clb4LogicCfgRegsFile 
*          1    00003c00    00000050     UNINITIALIZED
                  00003c00    00000050     f28004x_globalvariabledefs.obj (Clb4LogicCfgRegsFile)

Clb4LogicCtrlRegsFile 
*          1    00003d00    00000040     UNINITIALIZED
                  00003d00    00000040     f28004x_globalvariabledefs.obj (Clb4LogicCtrlRegsFile)

Clb4DataExchRegsFile 
*          1    00003e00    00000108     UNINITIALIZED
                  00003e00    00000108     f28004x_globalvariabledefs.obj (Clb4DataExchRegsFile)

EPwm1RegsFile 
*          1    00004000    00000100     UNINITIALIZED
                  00004000    00000100     f28004x_globalvariabledefs.obj (EPwm1RegsFile)

EPwm2RegsFile 
*          1    00004100    00000100     UNINITIALIZED
                  00004100    00000100     f28004x_globalvariabledefs.obj (EPwm2RegsFile)

EPwm3RegsFile 
*          1    00004200    00000100     UNINITIALIZED
                  00004200    00000100     f28004x_globalvariabledefs.obj (EPwm3RegsFile)

EPwm4RegsFile 
*          1    00004300    00000100     UNINITIALIZED
                  00004300    00000100     f28004x_globalvariabledefs.obj (EPwm4RegsFile)

EPwm5RegsFile 
*          1    00004400    00000100     UNINITIALIZED
                  00004400    00000100     f28004x_globalvariabledefs.obj (EPwm5RegsFile)

EPwm6RegsFile 
*          1    00004500    00000100     UNINITIALIZED
                  00004500    00000100     f28004x_globalvariabledefs.obj (EPwm6RegsFile)

EPwm7RegsFile 
*          1    00004600    00000100     UNINITIALIZED
                  00004600    00000100     f28004x_globalvariabledefs.obj (EPwm7RegsFile)

EPwm8RegsFile 
*          1    00004700    00000100     UNINITIALIZED
                  00004700    00000100     f28004x_globalvariabledefs.obj (EPwm8RegsFile)

EQep1RegsFile 
*          1    00005100    00000036     UNINITIALIZED
                  00005100    00000036     f28004x_globalvariabledefs.obj (EQep1RegsFile)

EQep2RegsFile 
*          1    00005140    00000036     UNINITIALIZED
                  00005140    00000036     f28004x_globalvariabledefs.obj (EQep2RegsFile)

ECap1RegsFile 
*          1    00005200    0000001a     UNINITIALIZED
                  00005200    0000001a     f28004x_globalvariabledefs.obj (ECap1RegsFile)

ECap2RegsFile 
*          1    00005240    0000001a     UNINITIALIZED
                  00005240    0000001a     f28004x_globalvariabledefs.obj (ECap2RegsFile)

ECap3RegsFile 
*          1    00005280    0000001a     UNINITIALIZED
                  00005280    0000001a     f28004x_globalvariabledefs.obj (ECap3RegsFile)

ECap4RegsFile 
*          1    000052c0    0000001a     UNINITIALIZED
                  000052c0    0000001a     f28004x_globalvariabledefs.obj (ECap4RegsFile)

ECap5RegsFile 
*          1    00005300    0000001a     UNINITIALIZED
                  00005300    0000001a     f28004x_globalvariabledefs.obj (ECap5RegsFile)

ECap6RegsFile 
*          1    00005340    0000001a     UNINITIALIZED
                  00005340    0000001a     f28004x_globalvariabledefs.obj (ECap6RegsFile)

HRCap6RegsFile 
*          1    00005360    00000016     UNINITIALIZED
                  00005360    00000016     f28004x_globalvariabledefs.obj (HRCap6RegsFile)

ECap7RegsFile 
*          1    00005380    0000001a     UNINITIALIZED
                  00005380    0000001a     f28004x_globalvariabledefs.obj (ECap7RegsFile)

HRCap7RegsFile 
*          1    000053a0    00000016     UNINITIALIZED
                  000053a0    00000016     f28004x_globalvariabledefs.obj (HRCap7RegsFile)

Pga1RegsFile 
*          1    00005b00    0000000a     UNINITIALIZED
                  00005b00    0000000a     f28004x_globalvariabledefs.obj (Pga1RegsFile)

Pga2RegsFile 
*          1    00005b10    0000000a     UNINITIALIZED
                  00005b10    0000000a     f28004x_globalvariabledefs.obj (Pga2RegsFile)

Pga3RegsFile 
*          1    00005b20    0000000a     UNINITIALIZED
                  00005b20    0000000a     f28004x_globalvariabledefs.obj (Pga3RegsFile)

Pga4RegsFile 
*          1    00005b30    0000000a     UNINITIALIZED
                  00005b30    0000000a     f28004x_globalvariabledefs.obj (Pga4RegsFile)

Pga5RegsFile 
*          1    00005b40    0000000a     UNINITIALIZED
                  00005b40    0000000a     f28004x_globalvariabledefs.obj (Pga5RegsFile)

Pga6RegsFile 
*          1    00005b50    0000000a     UNINITIALIZED
                  00005b50    0000000a     f28004x_globalvariabledefs.obj (Pga6RegsFile)

Pga7RegsFile 
*          1    00005b60    0000000a     UNINITIALIZED
                  00005b60    0000000a     f28004x_globalvariabledefs.obj (Pga7RegsFile)

DacaRegsFile 
*          1    00005c00    00000007     UNINITIALIZED
                  00005c00    00000007     f28004x_globalvariabledefs.obj (DacaRegsFile)

DacbRegsFile 
*          1    00005c10    00000007     UNINITIALIZED
                  00005c10    00000007     f28004x_globalvariabledefs.obj (DacbRegsFile)

Cmpss1RegsFile 
*          1    00005c80    0000001b     UNINITIALIZED
                  00005c80    0000001b     f28004x_globalvariabledefs.obj (Cmpss1RegsFile)

Cmpss2RegsFile 
*          1    00005ca0    0000001b     UNINITIALIZED
                  00005ca0    0000001b     f28004x_globalvariabledefs.obj (Cmpss2RegsFile)

Cmpss3RegsFile 
*          1    00005cc0    0000001b     UNINITIALIZED
                  00005cc0    0000001b     f28004x_globalvariabledefs.obj (Cmpss3RegsFile)

Cmpss4RegsFile 
*          1    00005ce0    0000001b     UNINITIALIZED
                  00005ce0    0000001b     f28004x_globalvariabledefs.obj (Cmpss4RegsFile)

Cmpss5RegsFile 
*          1    00005d00    0000001b     UNINITIALIZED
                  00005d00    0000001b     f28004x_globalvariabledefs.obj (Cmpss5RegsFile)

Cmpss6RegsFile 
*          1    00005d20    0000001b     UNINITIALIZED
                  00005d20    0000001b     f28004x_globalvariabledefs.obj (Cmpss6RegsFile)

Cmpss7RegsFile 
*          1    00005d40    0000001b     UNINITIALIZED
                  00005d40    0000001b     f28004x_globalvariabledefs.obj (Cmpss7RegsFile)

Sdfm1RegsFile 
*          1    00005e00    00000050     UNINITIALIZED
                  00005e00    00000050     f28004x_globalvariabledefs.obj (Sdfm1RegsFile)

SpiaRegsFile 
*          1    00006100    00000010     UNINITIALIZED
                  00006100    00000010     f28004x_globalvariabledefs.obj (SpiaRegsFile)

SpibRegsFile 
*          1    00006110    00000010     UNINITIALIZED
                  00006110    00000010     f28004x_globalvariabledefs.obj (SpibRegsFile)

ClaPromCrc0RegsFile 
*          1    000061c0    00000020     UNINITIALIZED
                  000061c0    00000020     f28004x_globalvariabledefs.obj (ClaPromCrc0RegsFile)

FsiTxaRegsFile 
*          1    00006600    00000050     UNINITIALIZED
                  00006600    00000050     f28004x_globalvariabledefs.obj (FsiTxaRegsFile)

FsiRxaRegsFile 
*          1    00006680    00000050     UNINITIALIZED
                  00006680    00000050     f28004x_globalvariabledefs.obj (FsiRxaRegsFile)

LinaRegsFile 
*          1    00006a00    000000ec     UNINITIALIZED
                  00006a00    000000ec     f28004x_globalvariabledefs.obj (LinaRegsFile)

WdRegsFile 
*          1    00007000    0000002b     UNINITIALIZED
                  00007000    0000002b     f28004x_globalvariabledefs.obj (WdRegsFile)

NmiIntruptRegsFile 
*          1    00007060    00000007     UNINITIALIZED
                  00007060    00000007     f28004x_globalvariabledefs.obj (NmiIntruptRegsFile)

XintRegsFile 
*          1    00007070    0000000b     UNINITIALIZED
                  00007070    0000000b     f28004x_globalvariabledefs.obj (XintRegsFile)

I2caRegsFile 
*          1    00007300    00000022     UNINITIALIZED
                  00007300    00000022     f28004x_globalvariabledefs.obj (I2caRegsFile)

AdcaRegsFile 
*          1    00007400    00000076     UNINITIALIZED
                  00007400    00000076     f28004x_globalvariabledefs.obj (AdcaRegsFile)

AdcbRegsFile 
*          1    00007480    00000076     UNINITIALIZED
                  00007480    00000076     f28004x_globalvariabledefs.obj (AdcbRegsFile)

AdccRegsFile 
*          1    00007500    00000076     UNINITIALIZED
                  00007500    00000076     f28004x_globalvariabledefs.obj (AdccRegsFile)

InputXbarRegsFile 
*          1    00007900    00000020     UNINITIALIZED
                  00007900    00000020     f28004x_globalvariabledefs.obj (InputXbarRegsFile)

XbarRegsFile 
*          1    00007920    00000010     UNINITIALIZED
                  00007920    00000010     f28004x_globalvariabledefs.obj (XbarRegsFile)

DmaClaSrcSelRegsFile 
*          1    00007980    0000001a     UNINITIALIZED
                  00007980    0000001a     f28004x_globalvariabledefs.obj (DmaClaSrcSelRegsFile)

EPwmXbarRegsFile 
*          1    00007a00    00000040     UNINITIALIZED
                  00007a00    00000040     f28004x_globalvariabledefs.obj (EPwmXbarRegsFile)

CLBXbarRegsFile 
*          1    00007a40    00000040     UNINITIALIZED
                  00007a40    00000040     f28004x_globalvariabledefs.obj (CLBXbarRegsFile)

OutputXbarRegsFile 
*          1    00007a80    00000040     UNINITIALIZED
                  00007a80    00000040     f28004x_globalvariabledefs.obj (OutputXbarRegsFile)

GpioCtrlRegsFile 
*          1    00007c00    00000200     UNINITIALIZED
                  00007c00    00000200     f28004x_globalvariabledefs.obj (GpioCtrlRegsFile)

GpioDataRegsFile 
*          1    00007f00    0000003a     UNINITIALIZED
                  00007f00    0000003a     f28004x_globalvariabledefs.obj (GpioDataRegsFile)

CanaRegsFile 
*          1    00048000    00000164     UNINITIALIZED
                  00048000    00000164     f28004x_globalvariabledefs.obj (CanaRegsFile)

CanbRegsFile 
*          1    0004a000    00000164     UNINITIALIZED
                  0004a000    00000164     f28004x_globalvariabledefs.obj (CanbRegsFile)

DevCfgRegsFile 
*          1    0005d000    00000132     UNINITIALIZED
                  0005d000    00000132     f28004x_globalvariabledefs.obj (DevCfgRegsFile)

ClkCfgRegsFile 
*          1    0005d200    00000034     UNINITIALIZED
                  0005d200    00000034     f28004x_globalvariabledefs.obj (ClkCfgRegsFile)

CpuSysRegsFile 
*          1    0005d300    00000082     UNINITIALIZED
                  0005d300    00000082     f28004x_globalvariabledefs.obj (CpuSysRegsFile)

SysPeriphAcRegsFile 
*          1    0005d500    00000200     UNINITIALIZED
                  0005d500    00000200     f28004x_globalvariabledefs.obj (SysPeriphAcRegsFile)

AnalogSubsysRegsFile 
*          1    0005d700    00000090     UNINITIALIZED
                  0005d700    00000090     f28004x_globalvariabledefs.obj (AnalogSubsysRegsFile)

Dcc0RegsFile 
*          1    0005e700    0000002c     UNINITIALIZED
                  0005e700    0000002c     f28004x_globalvariabledefs.obj (Dcc0RegsFile)

EradGlobalRegsFile 
*          1    0005e800    0000000b     UNINITIALIZED
                  0005e800    0000000b     f28004x_globalvariabledefs.obj (EradGlobalRegsFile)

EradHWBP1RegsFile 
*          1    0005e900    00000008     UNINITIALIZED
                  0005e900    00000008     f28004x_globalvariabledefs.obj (EradHWBP1RegsFile)

EradHWBP2RegsFile 
*          1    0005e908    00000008     UNINITIALIZED
                  0005e908    00000008     f28004x_globalvariabledefs.obj (EradHWBP2RegsFile)

EradHWBP3RegsFile 
*          1    0005e910    00000008     UNINITIALIZED
                  0005e910    00000008     f28004x_globalvariabledefs.obj (EradHWBP3RegsFile)

EradHWBP4RegsFile 
*          1    0005e918    00000008     UNINITIALIZED
                  0005e918    00000008     f28004x_globalvariabledefs.obj (EradHWBP4RegsFile)

EradHWBP5RegsFile 
*          1    0005e920    00000008     UNINITIALIZED
                  0005e920    00000008     f28004x_globalvariabledefs.obj (EradHWBP5RegsFile)

EradHWBP6RegsFile 
*          1    0005e928    00000008     UNINITIALIZED
                  0005e928    00000008     f28004x_globalvariabledefs.obj (EradHWBP6RegsFile)

EradHWBP7RegsFile 
*          1    0005e930    00000008     UNINITIALIZED
                  0005e930    00000008     f28004x_globalvariabledefs.obj (EradHWBP7RegsFile)

EradHWBP8RegsFile 
*          1    0005e938    00000008     UNINITIALIZED
                  0005e938    00000008     f28004x_globalvariabledefs.obj (EradHWBP8RegsFile)

EradCounter1RegsFile 
*          1    0005e980    0000000a     UNINITIALIZED
                  0005e980    0000000a     f28004x_globalvariabledefs.obj (EradCounter1RegsFile)

EradCounter2RegsFile 
*          1    0005e990    0000000a     UNINITIALIZED
                  0005e990    0000000a     f28004x_globalvariabledefs.obj (EradCounter2RegsFile)

EradCounter3RegsFile 
*          1    0005e9a0    0000000a     UNINITIALIZED
                  0005e9a0    0000000a     f28004x_globalvariabledefs.obj (EradCounter3RegsFile)

EradCounter4RegsFile 
*          1    0005e9b0    0000000a     UNINITIALIZED
                  0005e9b0    0000000a     f28004x_globalvariabledefs.obj (EradCounter4RegsFile)

DcsmBank0Z1RegsFile 
*          1    0005f000    00000022     UNINITIALIZED
                  0005f000    00000022     f28004x_globalvariabledefs.obj (DcsmBank0Z1RegsFile)

DcsmBank0Z2RegsFile 
*          1    0005f040    00000022     UNINITIALIZED
                  0005f040    00000022     f28004x_globalvariabledefs.obj (DcsmBank0Z2RegsFile)

DcsmCommonRegsFile 
*          1    0005f070    00000010     UNINITIALIZED
                  0005f070    00000010     f28004x_globalvariabledefs.obj (DcsmCommonRegsFile)

DcsmBank1Z1RegsFile 
*          1    0005f100    00000020     UNINITIALIZED
                  0005f100    00000020     f28004x_globalvariabledefs.obj (DcsmBank1Z1RegsFile)

DcsmBank1Z2RegsFile 
*          1    0005f140    00000020     UNINITIALIZED
                  0005f140    00000020     f28004x_globalvariabledefs.obj (DcsmBank1Z2RegsFile)

MemCfgRegsFile 
*          1    0005f400    00000076     UNINITIALIZED
                  0005f400    00000076     f28004x_globalvariabledefs.obj (MemCfgRegsFile)

AccessProtectionRegsFile 
*          1    0005f4c0    0000002e     UNINITIALIZED
                  0005f4c0    0000002e     f28004x_globalvariabledefs.obj (AccessProtectionRegsFile)

MemoryErrorRegsFile 
*          1    0005f500    0000003a     UNINITIALIZED
                  0005f500    0000003a     f28004x_globalvariabledefs.obj (MemoryErrorRegsFile)

Flash0CtrlRegsFile 
*          1    0005f800    00000182     UNINITIALIZED
                  0005f800    00000182     f28004x_globalvariabledefs.obj (Flash0CtrlRegsFile)

Flash0EccRegsFile 
*          1    0005fb00    00000028     UNINITIALIZED
                  0005fb00    00000028     f28004x_globalvariabledefs.obj (Flash0EccRegsFile)

PmbusaRegsFile 
*          1    00006400    0000001e     UNINITIALIZED
                  00006400    0000001e     f28004x_globalvariabledefs.obj (PmbusaRegsFile)

SciaRegsFile 
*          1    00007200    00000010     UNINITIALIZED
                  00007200    00000010     f28004x_globalvariabledefs.obj (SciaRegsFile)

ScibRegsFile 
*          1    00007210    00000010     UNINITIALIZED
                  00007210    00000010     f28004x_globalvariabledefs.obj (ScibRegsFile)

SyncSocRegsFile 
*          1    00007940    00000006     UNINITIALIZED
                  00007940    00000006     f28004x_globalvariabledefs.obj (SyncSocRegsFile)

.text.1    0    00082000    00001000     
                  00082000    00000795     pid.obj (.text)
                  00082795    000005d6     f28004x_defaultisr.obj (.text:retain)
                  00082d6b    0000021a     f28004x_adc.obj (.text)
                  00082f85    0000007b     f28004x_cputimers.obj (.text)

.text.2    0    00083000    00000fff     
                  00083000    00000407     oled.obj (.text)
                  00083407    000002ef     f28004x_sysctrl.obj (.text)
                  000836f6    000002e6     f28004x_gpio.obj (.text)
                  000839dc    00000215     main.obj (.text)
                  00083bf1    000001c5     board.obj (.text)
                  00083db6    000001ac     f28004x_epwm.obj (.text)
                  00083f62    0000008e     f28004x_sci.obj (.text)
                  00083ff0    00000009     rts2800_fpu32.lib : _lock.c.obj (.text)
                  00083ff9    00000003     f28004x_dbgier.obj (.text)
                  00083ffc    00000002     rts2800_fpu32.lib : pre_init.c.obj (.text)
                  00083ffe    00000001                       : startup.c.obj (.text)

.text.3    0    00085000    000002a0     
                  00085000    00000088     rts2800_fpu32.lib : fs_div28.asm.obj (.text)
                  00085088    00000066                       : s_sinf.c.obj (.text)
                  000850ee    00000063                       : s_cosf.c.obj (.text)
                  00085151    00000056                       : boot28.asm.obj (.text)
                  000851a7    00000029                       : exit.c.obj (.text)
                  000851d0    00000028     f28004x_piectrl.obj (.text)
                  000851f8    00000027     rts2800_fpu32.lib : e_sqrtf.c.obj (.text)
                  0008521f    00000026     f28004x_pievect.obj (.text)
                  00085245    00000024     rts2800_fpu32.lib : cpy_tbl.c.obj (.text)
                  00085269    0000001d                       : memcpy.c.obj (.text)
                  00085286    00000012                       : args_main.c.obj (.text)
                  00085298    00000008     f28004x_codestartbranch.obj (.text)

MODULE SUMMARY

       Module                           code   initialized data   uninitialized data
       ------                           ----   ----------------   ------------------
    .\
       main.obj                         533    39                 40                
    +--+--------------------------------+------+------------------+--------------------+
       Total:                           533    39                 40                
                                                                                    
    .\PID\
       pid.obj                          1941   301                1916              
    +--+--------------------------------+------+------------------+--------------------+
       Total:                           1941   301                1916              
                                                                                    
    .\board\
       oled.obj                         1031   2420               1024              
       board.obj                        453    0                  128               
    +--+--------------------------------+------+------------------+--------------------+
       Total:                           1484   2420               1152              
                                                                                    
    .\common\source\
       f28004x_defaultisr.obj           1494   0                  0                 
       f28004x_sysctrl.obj              895    0                  0                 
       f28004x_gpio.obj                 742    0                  0                 
       f28004x_adc.obj                  538    0                  0                 
       f28004x_pievect.obj              38     448                0                 
       f28004x_epwm.obj                 428    0                  0                 
       f28004x_cputimers.obj            123    0                  24                
       f28004x_sci.obj                  142    0                  0                 
       f28004x_piectrl.obj              40     0                  0                 
       f28004x_codestartbranch.obj      10     0                  0                 
       f28004x_usdelay.obj              8      0                  0                 
       f28004x_dbgier.obj               3      0                  0                 
    +--+--------------------------------+------+------------------+--------------------+
       Total:                           4461   448                24                
                                                                                    
    .\headers\source\
       f28004x_globalvariabledefs.obj   0      0                  9857              
    +--+--------------------------------+------+------------------+--------------------+
       Total:                           0      0                  9857              
                                                                                    
    D:\c2000\ccs\ccs\tools\compiler\ti-cgt-c2000_22.6.1.LTS\lib\rts2800_fpu32.lib
       fs_div28.asm.obj                 136    0                  0                 
       s_sinf.c.obj                     102    0                  0                 
       s_cosf.c.obj                     99     0                  0                 
       boot28.asm.obj                   86     0                  0                 
       exit.c.obj                       41     14                 6                 
       e_sqrtf.c.obj                    39     0                  0                 
       cpy_tbl.c.obj                    36     0                  0                 
       memcpy.c.obj                     29     0                  0                 
       _lock.c.obj                      9      10                 4                 
       args_main.c.obj                  18     0                  0                 
       errno.c.obj                      0      4                  1                 
       pre_init.c.obj                   2      0                  0                 
       startup.c.obj                    1      0                  0                 
    +--+--------------------------------+------+------------------+--------------------+
       Total:                           598    28                 11                
                                                                                    
       Stack:                           0      0                  512               
    +--+--------------------------------+------+------------------+--------------------+
       Grand Total:                     9017   3236               13512             


GLOBAL DATA SYMBOLS: SORTED BY DATA PAGE

address     data page           name
--------    ----------------    ----
000000f6       3 (000000c0)     __stack

00000b00      2c (00000b00)     _AdcaResultRegs
00000b20      2c (00000b00)     _AdcbResultRegs

00000b40      2d (00000b40)     _AdccResultRegs

00000c00      30 (00000c00)     _CpuTimer0Regs
00000c08      30 (00000c00)     _CpuTimer1Regs
00000c10      30 (00000c00)     _CpuTimer2Regs

00000ce0      33 (00000cc0)     _PieCtrlRegs

00000d00      34 (00000d00)     _PieVectTable

00001000      40 (00001000)     _DmaRegs

00001400      50 (00001400)     _Cla1Regs

00003000      c0 (00003000)     _Clb1LogicCfgRegs

00003100      c4 (00003100)     _Clb1LogicCtrlRegs

00003200      c8 (00003200)     _Clb1DataExchRegs

00003400      d0 (00003400)     _Clb2LogicCfgRegs

00003500      d4 (00003500)     _Clb2LogicCtrlRegs

00003600      d8 (00003600)     _Clb2DataExchRegs

00003800      e0 (00003800)     _Clb3LogicCfgRegs

00003900      e4 (00003900)     _Clb3LogicCtrlRegs

00003a00      e8 (00003a00)     _Clb3DataExchRegs

00003c00      f0 (00003c00)     _Clb4LogicCfgRegs

00003d00      f4 (00003d00)     _Clb4LogicCtrlRegs

00003e00      f8 (00003e00)     _Clb4DataExchRegs

00004000     100 (00004000)     _EPwm1Regs

00004100     104 (00004100)     _EPwm2Regs

00004200     108 (00004200)     _EPwm3Regs

00004300     10c (00004300)     _EPwm4Regs

00004400     110 (00004400)     _EPwm5Regs

00004500     114 (00004500)     _EPwm6Regs

00004600     118 (00004600)     _EPwm7Regs

00004700     11c (00004700)     _EPwm8Regs

00005100     144 (00005100)     _EQep1Regs

00005140     145 (00005140)     _EQep2Regs

00005200     148 (00005200)     _ECap1Regs

00005240     149 (00005240)     _ECap2Regs

00005280     14a (00005280)     _ECap3Regs

000052c0     14b (000052c0)     _ECap4Regs

00005300     14c (00005300)     _ECap5Regs

00005340     14d (00005340)     _ECap6Regs
00005360     14d (00005340)     _HRCap6Regs

00005380     14e (00005380)     _ECap7Regs
000053a0     14e (00005380)     _HRCap7Regs

00005b00     16c (00005b00)     _Pga1Regs
00005b10     16c (00005b00)     _Pga2Regs
00005b20     16c (00005b00)     _Pga3Regs
00005b30     16c (00005b00)     _Pga4Regs

00005b40     16d (00005b40)     _Pga5Regs
00005b50     16d (00005b40)     _Pga6Regs
00005b60     16d (00005b40)     _Pga7Regs

00005c00     170 (00005c00)     _DacaRegs
00005c10     170 (00005c00)     _DacbRegs

00005c80     172 (00005c80)     _Cmpss1Regs
00005ca0     172 (00005c80)     _Cmpss2Regs

00005cc0     173 (00005cc0)     _Cmpss3Regs
00005ce0     173 (00005cc0)     _Cmpss4Regs

00005d00     174 (00005d00)     _Cmpss5Regs
00005d20     174 (00005d00)     _Cmpss6Regs

00005d40     175 (00005d40)     _Cmpss7Regs

00005e00     178 (00005e00)     _Sdfm1Regs

00006100     184 (00006100)     _SpiaRegs
00006110     184 (00006100)     _SpibRegs

000061c0     187 (000061c0)     _ClaPromCrc0Regs

00006400     190 (00006400)     _PmbusaRegs

00006600     198 (00006600)     _FsiTxaRegs

00006680     19a (00006680)     _FsiRxaRegs

00006a00     1a8 (00006a00)     _LinaRegs

00007000     1c0 (00007000)     _WdRegs

00007060     1c1 (00007040)     _NmiIntruptRegs
00007070     1c1 (00007040)     _XintRegs

00007200     1c8 (00007200)     _SciaRegs
00007210     1c8 (00007200)     _ScibRegs

00007300     1cc (00007300)     _I2caRegs

00007400     1d0 (00007400)     _AdcaRegs

00007480     1d2 (00007480)     _AdcbRegs

00007500     1d4 (00007500)     _AdccRegs

00007900     1e4 (00007900)     _InputXbarRegs
00007920     1e4 (00007900)     _XbarRegs

00007940     1e5 (00007940)     _SyncSocRegs

00007980     1e6 (00007980)     _DmaClaSrcSelRegs

00007a00     1e8 (00007a00)     _EPwmXbarRegs

00007a40     1e9 (00007a40)     _CLBXbarRegs

00007a80     1ea (00007a80)     _OutputXbarRegs

00007c00     1f0 (00007c00)     _GpioCtrlRegs

00007f00     1fc (00007f00)     _GpioDataRegs

0000a800     2a0 (0000a800)     _OLED_GRAM

0000af20     2bc (0000af00)     _CpuTimer0
0000af28     2bc (0000af00)     _CpuTimer1
0000af30     2bc (0000af00)     _CpuTimer2
0000af38     2bc (0000af00)     ___TI_enable_exit_profile_output
0000af3a     2bc (0000af00)     ___TI_cleanup_ptr
0000af3c     2bc (0000af00)     ___TI_dtors_ptr
0000af3e     2bc (0000af00)     __lock

0000b260     2c9 (0000b240)     _debugarry
0000b264     2c9 (0000b240)     __unlock
0000b266     2c9 (0000b240)     _errno

0000b280     2ca (0000b280)     _CMP1
0000b281     2ca (0000b280)     _CMP2
0000b282     2ca (0000b280)     _GridConnected
0000b286     2ca (0000b280)     _Valpha
0000b288     2ca (0000b280)     _Vbeta
0000b28a     2ca (0000b280)     _Ialpha
0000b28c     2ca (0000b280)     _Ibeta
0000b28e     2ca (0000b280)     _Valpha1
0000b290     2ca (0000b280)     _Vbeta1
0000b292     2ca (0000b280)     _omega
0000b294     2ca (0000b280)     _omega2
0000b296     2ca (0000b280)     _theta
0000b298     2ca (0000b280)     _theta2
0000b29a     2ca (0000b280)     _Vd
0000b29c     2ca (0000b280)     _Vq
0000b29e     2ca (0000b280)     _Id
0000b2a0     2ca (0000b280)     _Iq
0000b2a2     2ca (0000b280)     _Id1
0000b2a4     2ca (0000b280)     _Iq1
0000b2a6     2ca (0000b280)     _Vd1
0000b2a8     2ca (0000b280)     _Vq1
0000b2aa     2ca (0000b280)     _Vdref
0000b2ac     2ca (0000b280)     _Vqref
0000b2ae     2ca (0000b280)     _Idref
0000b2b0     2ca (0000b280)     _Iqref
0000b2b2     2ca (0000b280)     _Vref
0000b2b4     2ca (0000b280)     _Iref
0000b2b6     2ca (0000b280)     _nomalization
0000b2b8     2ca (0000b280)     _nomalization1
0000b2ba     2ca (0000b280)     _Uin1
0000b2bc     2ca (0000b280)     _x
0000b2be     2ca (0000b280)     _x1

0000b2c0     2cb (0000b2c0)     _y
0000b2c2     2cb (0000b2c0)     _Ualhfa
0000b2c4     2cb (0000b2c0)     _Ubeta
0000b2c6     2cb (0000b2c0)     _Ualhfa1
0000b2c8     2cb (0000b2c0)     _Ubeta1
0000b2ca     2cb (0000b2c0)     _Ialhfa1
0000b2cc     2cb (0000b2c0)     _Ibeta1
0000b2ce     2cb (0000b2c0)     _t
0000b2d0     2cb (0000b2c0)     _k
0000b2d2     2cb (0000b2c0)     _sogikp
0000b2d4     2cb (0000b2c0)     _sogiki
0000b2d6     2cb (0000b2c0)     _sogiess
0000b2d8     2cb (0000b2c0)     _sogilast_ess
0000b2da     2cb (0000b2c0)     _sogikpi
0000b2dc     2cb (0000b2c0)     _omega1
0000b2de     2cb (0000b2c0)     _sogiess1
0000b2e0     2cb (0000b2c0)     _sogikpi1
0000b2e2     2cb (0000b2c0)     _sogilast_ess1
0000b2e4     2cb (0000b2c0)     _PresentPinst
0000b2e6     2cb (0000b2c0)     _PresentQinst
0000b2e8     2cb (0000b2c0)     _PresentPinstLpf
0000b2ea     2cb (0000b2c0)     _PresentQinstLpf
0000b2ec     2cb (0000b2c0)     _PresentPinstLpf_1
0000b2ee     2cb (0000b2c0)     _PresentQinstLpf_1
0000b2f0     2cb (0000b2c0)     _m
0000b2f2     2cb (0000b2c0)     _n
0000b2f4     2cb (0000b2c0)     _W2
0000b2f6     2cb (0000b2c0)     _Wo
0000b2f8     2cb (0000b2c0)     _Wref
0000b2fa     2cb (0000b2c0)     _Vxc
0000b2fc     2cb (0000b2c0)     _theta1
0000b2fe     2cb (0000b2c0)     _Vref1

0000b300     2cc (0000b300)     _L
0000b302     2cc (0000b300)     _Vref2
0000b304     2cc (0000b300)     _Uess
0000b306     2cc (0000b300)     _Uesslast
0000b308     2cc (0000b300)     _Uesspi
0000b30a     2cc (0000b300)     _kpu
0000b30c     2cc (0000b300)     _kiu
0000b30e     2cc (0000b300)     _Kpiu
0000b310     2cc (0000b300)     _Iess
0000b312     2cc (0000b300)     _Ut
0000b314     2cc (0000b300)     _Ialphalast
0000b316     2cc (0000b300)     _output0
0000b318     2cc (0000b300)     _output1
0000b31a     2cc (0000b300)     _abc
0000b31c     2cc (0000b300)     _Uin2
0000b31e     2cc (0000b300)     _Iin2
0000b320     2cc (0000b300)     _x2
0000b322     2cc (0000b300)     _Ualhfa2
0000b324     2cc (0000b300)     _Ubeta2
0000b326     2cc (0000b300)     _y2
0000b328     2cc (0000b300)     _Ialhfa12
0000b32a     2cc (0000b300)     _Ibeta12
0000b32c     2cc (0000b300)     _Valpha2
0000b32e     2cc (0000b300)     _Ialpha2
0000b330     2cc (0000b300)     _Vbeta2
0000b332     2cc (0000b300)     _Ibeta2

0000b340     2cd (0000b340)     _PLL_PI
0000b354     2cd (0000b340)     _Id_PI
0000b368     2cd (0000b340)     _Iq_PI

0000b380     2ce (0000b380)     _Vd_PI
0000b394     2ce (0000b380)     _Vq_PI
0000b3a8     2ce (0000b380)     _Vdc_PI

0000b3c0     2cf (0000b3c0)     _ISR_ADCA1
0000b3c1     2cf (0000b3c0)     _zeroCrossDetectFlag
0000b3c2     2cf (0000b3c0)     _clearInvTrip
0000b3c4     2cf (0000b3c0)     _invSine
0000b3c6     2cf (0000b3c0)     _invSinePrev
0000b3c8     2cf (0000b3c0)     _invDutyPU
0000b3ca     2cf (0000b3c0)     _invDutyPUPrev
0000b3cc     2cf (0000b3c0)     _VAC_FB
0000b3ce     2cf (0000b3c0)     _invVoRef
0000b3d0     2cf (0000b3c0)     _invVoRefInst
0000b3d2     2cf (0000b3c0)     _invVoInst
0000b3d4     2cf (0000b3c0)     _voltage_error
0000b3d6     2cf (0000b3c0)     _IAC_FB
0000b3d8     2cf (0000b3c0)     _invIiInst
0000b3da     2cf (0000b3c0)     _Uin
0000b3dc     2cf (0000b3c0)     _Iin
0000b3de     2cf (0000b3c0)     _invIiRef
0000b3e0     2cf (0000b3c0)     _invIoRef
0000b3e2     2cf (0000b3c0)     _invIiRefInst
0000b3e4     2cf (0000b3c0)     _invIoRefInst
0000b3e6     2cf (0000b3c0)     _current_error
0000b3e8     2cf (0000b3c0)     _VDC_FB
0000b3ea     2cf (0000b3c0)     _invVbusInst
0000b3ec     2cf (0000b3c0)     _invVbusRef
0000b3ee     2cf (0000b3c0)     _rgen1

0000b400     2d0 (0000b400)     _sine_mains

0000b440     2d1 (0000b440)     _flag1
0000b441     2d1 (0000b440)     _flag2
0000b442     2d1 (0000b440)     _flag3
0000b443     2d1 (0000b440)     _i
0000b444     2d1 (0000b440)     _Vguoya
0000b445     2d1 (0000b440)     _Iguoliu
0000b446     2d1 (0000b440)     _debugfloat
0000b448     2d1 (0000b440)     _IrefVP
0000b44a     2d1 (0000b440)     _pr

00048000    1200 (00048000)     _CanaRegs

0004a000    1280 (0004a000)     _CanbRegs

0005d000    1740 (0005d000)     _DevCfgRegs

0005d200    1748 (0005d200)     _ClkCfgRegs

0005d300    174c (0005d300)     _CpuSysRegs

0005d500    1754 (0005d500)     _SysPeriphAcRegs

0005d700    175c (0005d700)     _AnalogSubsysRegs

0005e700    179c (0005e700)     _Dcc0Regs

0005e800    17a0 (0005e800)     _EradGlobalRegs

0005e900    17a4 (0005e900)     _EradHWBP1Regs
0005e908    17a4 (0005e900)     _EradHWBP2Regs
0005e910    17a4 (0005e900)     _EradHWBP3Regs
0005e918    17a4 (0005e900)     _EradHWBP4Regs
0005e920    17a4 (0005e900)     _EradHWBP5Regs
0005e928    17a4 (0005e900)     _EradHWBP6Regs
0005e930    17a4 (0005e900)     _EradHWBP7Regs
0005e938    17a4 (0005e900)     _EradHWBP8Regs

0005e980    17a6 (0005e980)     _EradCounter1Regs
0005e990    17a6 (0005e980)     _EradCounter2Regs
0005e9a0    17a6 (0005e980)     _EradCounter3Regs
0005e9b0    17a6 (0005e980)     _EradCounter4Regs

0005f000    17c0 (0005f000)     _DcsmBank0Z1Regs

0005f040    17c1 (0005f040)     _DcsmBank0Z2Regs
0005f070    17c1 (0005f040)     _DcsmCommonRegs

0005f100    17c4 (0005f100)     _DcsmBank1Z1Regs

0005f140    17c5 (0005f140)     _DcsmBank1Z2Regs

0005f400    17d0 (0005f400)     _MemCfgRegs

0005f4c0    17d3 (0005f4c0)     _AccessProtectionRegs

0005f500    17d4 (0005f500)     _MemoryErrorRegs

0005f800    17e0 (0005f800)     _Flash0CtrlRegs

0005fb00    17ec (0005fb00)     _Flash0EccRegs

00084000    2100 (00084000)     _ascii_1206

00084474    2111 (00084440)     _FontHzk_24

00084744    211d (00084740)     _PieVectTableInit

00084904    2124 (00084900)     _FontHzk_16

00084a44    2129 (00084a40)     _FontHzk_12


GLOBAL SYMBOLS: SORTED ALPHABETICALLY BY Name 

page  address   name                            
----  -------   ----                            
abs   ffffffff  .text                           
0     000851a7  C$$EXIT                         
0     00085000  FS$$DIV                         
0     0008285c  _ADCA1_ISR                      
0     00082b91  _ADCA2_ISR                      
0     00082b9b  _ADCA3_ISR                      
0     00082ba5  _ADCA4_ISR                      
0     00082b5e  _ADCA_EVT_ISR                   
0     0008290d  _ADCB1_ISR                      
0     00082bb9  _ADCB2_ISR                      
0     00082bc3  _ADCB3_ISR                      
0     00082bcd  _ADCB4_ISR                      
0     00082baf  _ADCB_EVT_ISR                   
0     00082924  _ADCC1_ISR                      
0     00082cf0  _ADCC2_ISR                      
0     00082cfa  _ADCC3_ISR                      
0     00082d04  _ADCC4_ISR                      
0     00082ce6  _ADCC_EVT_ISR                   
1     0005f4c0  _AccessProtectionRegs           
1     00007400  _AdcaRegs                       
1     00000b00  _AdcaResultRegs                 
1     00007480  _AdcbRegs                       
1     00000b20  _AdcbResultRegs                 
1     00007500  _AdccRegs                       
1     00000b40  _AdccResultRegs                 
0     00082268  _Alpha_Beta_generate            
1     0005d700  _AnalogSubsysRegs               
0     00082b36  _CANA0_ISR                      
0     00082b40  _CANA1_ISR                      
0     00082b4a  _CANB0_ISR                      
0     00082b54  _CANB1_ISR                      
0     00082cbe  _CLA1PROMCRC_ISR                
0     00082bd7  _CLA1_1_ISR                     
0     00082be1  _CLA1_2_ISR                     
0     00082beb  _CLA1_3_ISR                     
0     00082bf5  _CLA1_4_ISR                     
0     00082bff  _CLA1_5_ISR                     
0     00082c09  _CLA1_6_ISR                     
0     00082c13  _CLA1_7_ISR                     
0     00082c1d  _CLA1_8_ISR                     
0     00082d36  _CLA_OVERFLOW_ISR               
0     00082d40  _CLA_UNDERFLOW_ISR              
1     00007a40  _CLBXbarRegs                    
1     0000b280  _CMP1                           
1     0000b281  _CMP2                           
1     00048000  _CanaRegs                       
1     0004a000  _CanbRegs                       
1     00001400  _Cla1Regs                       
1     000061c0  _ClaPromCrc0Regs                
1     00003200  _Clb1DataExchRegs               
1     00003000  _Clb1LogicCfgRegs               
1     00003100  _Clb1LogicCtrlRegs              
1     00003600  _Clb2DataExchRegs               
1     00003400  _Clb2LogicCfgRegs               
1     00003500  _Clb2LogicCtrlRegs              
1     00003a00  _Clb3DataExchRegs               
1     00003800  _Clb3LogicCfgRegs               
1     00003900  _Clb3LogicCtrlRegs              
1     00003e00  _Clb4DataExchRegs               
1     00003c00  _Clb4LogicCfgRegs               
1     00003d00  _Clb4LogicCtrlRegs              
1     0005d200  _ClkCfgRegs                     
1     00005c80  _Cmpss1Regs                     
1     00005ca0  _Cmpss2Regs                     
1     00005cc0  _Cmpss3Regs                     
1     00005ce0  _Cmpss4Regs                     
1     00005d00  _Cmpss5Regs                     
1     00005d20  _Cmpss6Regs                     
1     00005d40  _Cmpss7Regs                     
0     00082fc6  _ConfigCpuTimer                 
0     00082f5e  _ConfigureADCA_PPB1             
0     00082e15  _ConfigureADCA_SOC              
0     00082e96  _ConfigureADCB_SOC              
0     00082efa  _ConfigureADCC_SOC              
1     0005d300  _CpuSysRegs                     
1     0000af20  _CpuTimer0                      
1     00000c00  _CpuTimer0Regs                  
1     0000af28  _CpuTimer1                      
1     00000c08  _CpuTimer1Regs                  
1     0000af30  _CpuTimer2                      
1     00000c10  _CpuTimer2Regs                  
0     0008359e  _CsmUnlock                      
0     000827b2  _DATALOG_ISR                    
0     00082ab0  _DMA_CH1_ISR                    
0     00082ac8  _DMA_CH2_ISR                    
0     00082ad2  _DMA_CH3_ISR                    
0     00082adc  _DMA_CH4_ISR                    
0     00082ae6  _DMA_CH5_ISR                    
0     00082af0  _DMA_CH6_ISR                    
1     00005c00  _DacaRegs                       
1     00005c10  _DacbRegs                       
1     0005e700  _Dcc0Regs                       
1     0005f000  _DcsmBank0Z1Regs                
1     0005f040  _DcsmBank0Z2Regs                
1     0005f100  _DcsmBank1Z1Regs                
1     0005f140  _DcsmBank1Z2Regs                
1     0005f070  _DcsmCommonRegs                 
1     0005d000  _DevCfgRegs                     
0     000834be  _DisableDog                     
0     00083496  _DisablePeripheralClocks        
1     00007980  _DmaClaSrcSelRegs               
1     00001000  _DmaRegs                        
0     00082a1a  _ECAP1_ISR                      
0     00082a24  _ECAP2_ISR                      
0     00082a2e  _ECAP3_ISR                      
0     00082a38  _ECAP4_ISR                      
0     00082a42  _ECAP5_ISR                      
0     00082a60  _ECAP6_2_ISR                    
0     00082a4c  _ECAP6_ISR                      
0     00082a6a  _ECAP7_2_ISR                    
0     00082a56  _ECAP7_ISR                      
1     00005200  _ECap1Regs                      
1     00005240  _ECap2Regs                      
1     00005280  _ECap3Regs                      
1     000052c0  _ECap4Regs                      
1     00005300  _ECap5Regs                      
1     00005340  _ECap6Regs                      
1     00005380  _ECap7Regs                      
0     00082d54  _EMPTY_ISR                      
0     000827c6  _EMU_ISR                        
0     000829bf  _EPWM1_ISR                      
0     0008295f  _EPWM1_TZ_ISR                   
0     000829d4  _EPWM2_ISR                      
0     00082979  _EPWM2_TZ_ISR                   
0     000829de  _EPWM3_ISR                      
0     00082983  _EPWM3_TZ_ISR                   
0     000829e8  _EPWM4_ISR                      
0     0008298d  _EPWM4_TZ_ISR                   
0     000829f2  _EPWM5_ISR                      
0     00082997  _EPWM5_TZ_ISR                   
0     000829fc  _EPWM6_ISR                      
0     000829a1  _EPWM6_TZ_ISR                   
0     00082a06  _EPWM7_ISR                      
0     000829ab  _EPWM7_TZ_ISR                   
0     00082a10  _EPWM8_ISR                      
0     000829b5  _EPWM8_TZ_ISR                   
1     00004000  _EPwm1Regs                      
1     00004100  _EPwm2Regs                      
1     00004200  _EPwm3Regs                      
1     00004300  _EPwm4Regs                      
1     00004400  _EPwm5Regs                      
1     00004500  _EPwm6Regs                      
1     00004600  _EPwm7Regs                      
1     00004700  _EPwm8Regs                      
1     00007a00  _EPwmXbarRegs                   
0     00082a74  _EQEP1_ISR                      
0     00082a7e  _EQEP2_ISR                      
1     00005100  _EQep1Regs                      
1     00005140  _EQep2Regs                      
0     000851ef  _EnableInterrupts               
1     0005e980  _EradCounter1Regs               
1     0005e990  _EradCounter2Regs               
1     0005e9a0  _EradCounter3Regs               
1     0005e9b0  _EradCounter4Regs               
1     0005e800  _EradGlobalRegs                 
1     0005e900  _EradHWBP1Regs                  
1     0005e908  _EradHWBP2Regs                  
1     0005e910  _EradHWBP3Regs                  
1     0005e918  _EradHWBP4Regs                  
1     0005e920  _EradHWBP5Regs                  
1     0005e928  _EradHWBP6Regs                  
1     0005e930  _EradHWBP7Regs                  
1     0005e938  _EradHWBP8Regs                  
0     00008048  _F28x_usDelay                   
0     00082d18  _FLASH_CORRECTABLE_ERROR_ISR    
0     00082c50  _FPU_OVERFLOW_ISR               
0     00082c5a  _FPU_UNDERFLOW_ISR              
0     00082caa  _FSIRXA1_ISR                    
0     00082cb4  _FSIRXA2_ISR                    
0     00082c96  _FSITXA1_ISR                    
0     00082ca0  _FSITXA2_ISR                    
1     0005f800  _Flash0CtrlRegs                 
1     0005fb00  _Flash0EccRegs                  
0     0000803c  _FlashOff                       
0     00083ccc  _FloatToByte                    
0     00084a44  _FontHzk_12                     
0     00084904  _FontHzk_16                     
0     00084474  _FontHzk_24                     
1     00006680  _FsiRxaRegs                     
1     00006600  _FsiTxaRegs                     
0     000838af  _GPIO_ReadPin                   
0     00083854  _GPIO_SetupLock                 
0     00083734  _GPIO_SetupPinMux               
0     000837c0  _GPIO_SetupPinOptions           
0     0008387d  _GPIO_SetupXINT1Gpio            
0     00083887  _GPIO_SetupXINT2Gpio            
0     00083891  _GPIO_SetupXINT3Gpio            
0     0008389b  _GPIO_SetupXINT4Gpio            
0     000838a5  _GPIO_SetupXINT5Gpio            
0     000838c6  _GPIO_WritePin                  
1     00007c00  _GpioCtrlRegs                   
1     00007f00  _GpioDataRegs                   
1     0000b282  _GridConnected                  
0     00083636  _HALT                           
1     00005360  _HRCap6Regs                     
1     000053a0  _HRCap7Regs                     
0     00082b04  _I2CA_FIFO_ISR                  
0     00082afa  _I2CA_ISR                       
1     00007300  _I2caRegs                       
1     0000b3d6  _IAC_FB                         
0     0008362d  _IDLE                           
0     0008307c  _IIC_Start                      
0     000830d7  _IIC_Stop                       
0     000830c6  _IIC_Wait_Ack                   
0     000827da  _ILLEGAL_ISR                    
1     0000b3c0  _ISR_ADCA1                      
1     0000b2ca  _Ialhfa1                        
1     0000b328  _Ialhfa12                       
1     0000b28a  _Ialpha                         
1     0000b32e  _Ialpha2                        
1     0000b314  _Ialphalast                     
1     0000b28c  _Ibeta                          
1     0000b2cc  _Ibeta1                         
1     0000b32a  _Ibeta12                        
1     0000b332  _Ibeta2                         
1     0000b29e  _Id                             
1     0000b2a2  _Id1                            
1     0000b354  _Id_PI                          
1     0000b2ae  _Idref                          
1     0000b310  _Iess                           
1     0000b445  _Iguoliu                        
1     0000b3dc  _Iin                            
1     0000b31e  _Iin2                           
0     00083db1  _InitApplication                
0     00083d12  _InitBoard                      
0     00082f85  _InitCpuTimers                  
0     00083d3a  _InitDebug                      
0     00008000  _InitFlash                      
0     00083d41  _InitGlobalVariable             
0     000836f6  _InitGpio                       
0     0008341e  _InitPeripheralClocks           
0     000851d0  _InitPieCtrl                    
0     0008521f  _InitPieVectTable               
0     00083d98  _InitRAMPGEN                    
0     00083d64  _InitSineAnalyzer               
0     00083407  _InitSysCtrl                    
0     000834cc  _InitSysPll                     
0     00082dd3  _Init_ADC                       
0     00083906  _Init_InputIO                   
0     000838e4  _Init_Led                       
0     00083fad  _Init_SCIA                      
0     00083f62  _Init_SCIAGPIO                  
0     00083f86  _Init_SCIA_FIFO                 
0     00083fac  _Init_SCIB_FIFO                 
0     00083950  _Init_SpecialGpio               
0     00083e6c  _Init_ePWM1                     
0     00083db6  _Init_ePWM1GPIO                 
0     00083ee9  _Init_ePWM2                     
0     00083dcc  _Init_ePWM2GPIO                 
0     00083de2  _Init_ePWM3GPIO                 
0     00083df9  _Init_ePWM4GPIO                 
0     00083e10  _Init_ePWM5GPIO                 
0     00083e26  _Init_ePWM6GPIO                 
0     00083e3c  _Init_ePWM7GPIO                 
0     00083e54  _Init_ePWM8GPIO                 
1     00007900  _InputXbarRegs                  
1     0000b2a0  _Iq                             
1     0000b2a4  _Iq1                            
1     0000b368  _Iq_PI                          
1     0000b2b0  _Iqref                          
1     0000b2b4  _Iref                           
1     0000b448  _IrefVP                         
0     00083647  _IsPLLValid                     
1     0000b30e  _Kpiu                           
1     0000b300  _L                              
0     00082cc8  _LINA_0_ISR                     
0     00082cd2  _LINA_1_ISR                     
1     00006a00  _LinaRegs                       
0     00083f40  _Manual_TriggerTZ               
1     0005f400  _MemCfgRegs                     
1     0005f500  _MemoryErrorRegs                
0     000827d0  _NMI_ISR                        
0     00082d61  _NOTUSED_ISR                    
1     00007060  _NmiIntruptRegs                 
0     00083183  _OLED_Clear                     
0     00083176  _OLED_Display_Off               
0     00083169  _OLED_Display_On                
0     000833d9  _OLED_DrawBMP                   
0     000831a1  _OLED_DrawPoint                 
0     000831d5  _OLED_Fill                      
1     0000a800  _OLED_GRAM                      
0     00083000  _OLED_Init                      
0     00083126  _OLED_Refresh_Gram              
0     00083152  _OLED_Set_Pos                   
0     000831f0  _OLED_ShowChar                  
0     000832a0  _OLED_ShowFloat                 
0     00083362  _OLED_ShowFontHZ                
0     0008325c  _OLED_ShowNum                   
0     0008330e  _OLED_ShowString                
0     00083118  _OLED_WR_Byte                   
0     000825f1  _One_period_control             
1     00007a80  _OutputXbarRegs                 
0     00082161  _PID_Current_Loop_Init          
0     00082129  _PID_PLL_PI_Init                
0     000821e9  _PID_Processing                 
0     000821c9  _PID_Vdc_PI_Init                
0     00082198  _PID_Volteage_Loop_Init         
0     00082d4a  _PIE_RESERVED_ISR               
0     0008233b  _PLL                            
1     0000b340  _PLL_PI                         
0     00082cdc  _PMBUSA_ISR                     
1     00005b00  _Pga1Regs                       
1     00005b10  _Pga2Regs                       
1     00005b20  _Pga3Regs                       
1     00005b30  _Pga4Regs                       
1     00005b40  _Pga5Regs                       
1     00005b50  _Pga6Regs                       
1     00005b60  _Pga7Regs                       
1     00000ce0  _PieCtrlRegs                    
1     00000d00  _PieVectTable                   
0     00084744  _PieVectTableInit               
1     00006400  _PmbusaRegs                     
1     0000b2e4  _PresentPinst                   
1     0000b2e8  _PresentPinstLpf                
1     0000b2ec  _PresentPinstLpf_1              
1     0000b2e6  _PresentQinst                   
1     0000b2ea  _PresentQinstLpf                
1     0000b2ee  _PresentQinstLpf_1              
0     00082000  _QPR_Init                       
0     000820b7  _QPR_Update                     
0     00082d22  _RAM_ACCESS_VIOLATION_ISR       
0     00082d0e  _RAM_CORRECTABLE_ERROR_ISR      
0     000827bc  _RTOS_ISR                       
0     000811b0  _RamfuncsLoadEnd                
abs   0000004c  _RamfuncsLoadSize               
0     00081164  _RamfuncsLoadStart              
0     0000804c  _RamfuncsRunEnd                 
abs   0000004c  _RamfuncsRunSize                
0     00008000  _RamfuncsRunStart               
0     00082b0e  _SCIA_RX_ISR                    
0     00082b18  _SCIA_TX_ISR                    
0     00082b22  _SCIB_RX_ISR                    
0     00082b2c  _SCIB_TX_ISR                    
0     00082c6e  _SD1DR1_ISR                     
0     00082c78  _SD1DR2_ISR                     
0     00082c82  _SD1DR3_ISR                     
0     00082c8c  _SD1DR4_ISR                     
0     00082c64  _SD1_ISR                        
0     000822a8  _SOGI                           
0     00082a88  _SPIA_RX_ISR                    
0     00082a92  _SPIA_TX_ISR                    
0     00082a9c  _SPIB_RX_ISR                    
0     00082aa6  _SPIB_TX_ISR                    
0     00082d2c  _SYS_PLL_SLIP_ISR               
1     00007200  _SciaRegs                       
1     00007210  _ScibRegs                       
1     00005e00  _Sdfm1Regs                      
0     000834b0  _ServiceDog                     
0     00083ff9  _SetDBGIER                      
0     00082d6b  _SetVREF                        
1     00006100  _SpiaRegs                       
1     00006110  _SpibRegs                       
1     00007940  _SyncSocRegs                    
0     000835bf  _SysIntOsc1Sel                  
0     000835cb  _SysIntOsc2Sel                  
1     0005d500  _SysPeriphAcRegs                
0     00083617  _SysXtalOscSESel                
0     000835f4  _SysXtalOscSel                  
0     00082948  _TIMER0_ISR                     
0     00082795  _TIMER1_ISR                     
0     000827a2  _TIMER2_ISR                     
0     0008283e  _USER10_ISR                     
0     00082848  _USER11_ISR                     
0     00082852  _USER12_ISR                     
0     000827e4  _USER1_ISR                      
0     000827ee  _USER2_ISR                      
0     000827f8  _USER3_ISR                      
0     00082802  _USER4_ISR                      
0     0008280c  _USER5_ISR                      
0     00082816  _USER6_ISR                      
0     00082820  _USER7_ISR                      
0     0008282a  _USER8_ISR                      
0     00082834  _USER9_ISR                      
1     0000b2c2  _Ualhfa                         
1     0000b2c6  _Ualhfa1                        
1     0000b322  _Ualhfa2                        
1     0000b2c4  _Ubeta                          
1     0000b2c8  _Ubeta1                         
1     0000b324  _Ubeta2                         
1     0000b304  _Uess                           
1     0000b306  _Uesslast                       
1     0000b308  _Uesspi                         
1     0000b3da  _Uin                            
1     0000b2ba  _Uin1                           
1     0000b31c  _Uin2                           
1     0000b312  _Ut                             
1     0000b3cc  _VAC_FB                         
1     0000b3e8  _VDC_FB                         
1     0000b286  _Valpha                         
1     0000b28e  _Valpha1                        
1     0000b32c  _Valpha2                        
1     0000b288  _Vbeta                          
1     0000b290  _Vbeta1                         
1     0000b330  _Vbeta2                         
1     0000b29a  _Vd                             
1     0000b2a6  _Vd1                            
1     0000b380  _Vd_PI                          
1     0000b3a8  _Vdc_PI                         
1     0000b2aa  _Vdref                          
1     0000b444  _Vguoya                         
1     0000b29c  _Vq                             
1     0000b2a8  _Vq1                            
1     0000b394  _Vq_PI                          
1     0000b2ac  _Vqref                          
1     0000b2b2  _Vref                           
1     0000b2fe  _Vref1                          
1     0000b302  _Vref2                          
1     0000b2fa  _Vxc                            
1     0000b2f4  _W2                             
0     00082955  _WAKE_ISR                       
1     00007000  _WdRegs                         
1     0000b2f6  _Wo                             
1     0000b2f8  _Wref                           
0     00083091  _Write_IIC_Byte                 
0     000830ea  _Write_IIC_Command              
0     00083101  _Write_IIC_Data                 
0     000823bf  _XCKZ                           
0     00082934  _XINT1_ISR                      
0     0008293e  _XINT2_ISR                      
0     00082c27  _XINT3_ISR                      
0     00082c31  _XINT4_ISR                      
0     00082c3b  _XINT5_ISR                      
1     00007920  _XbarRegs                       
1     00007070  _XintRegs                       
1     000002f6  __STACK_END                     
abs   00000200  __STACK_SIZE                    
1     0000af3a  ___TI_cleanup_ptr               
1     0000af3c  ___TI_dtors_ptr                 
1     0000af38  ___TI_enable_exit_profile_output
abs   ffffffff  ___TI_pprof_out_hndl            
abs   ffffffff  ___TI_prof_data_size            
abs   ffffffff  ___TI_prof_data_start           
abs   ffffffff  ___binit__                      
abs   ffffffff  ___c_args__                     
0     00081000  ___cinit__                      
abs   ffffffff  ___etext__                      
abs   ffffffff  ___pinit__                      
abs   ffffffff  ___text__                       
0     00085286  __args_main                     
1     0000af3e  __lock                          
0     00083ff8  __nop                           
0     00083ff4  __register_lock                 
0     00083ff0  __register_unlock               
1     000000f6  __stack                         
0     00083ffe  __system_post_cinit             
0     00083ffc  __system_pre_init               
1     0000b264  __unlock                        
1     0000b31a  _abc                            
0     000851a7  _abort                          
0     00084000  _ascii_1206                     
0     00085151  _c_int00                        
1     0000b3c2  _clearInvTrip                   
0     00085245  _copy_in                        
0     000850ee  _cos                            
0     000850ee  _cosf                           
1     0000b3e6  _current_error                  
1     0000b260  _debugarry                      
1     0000b446  _debugfloat                     
1     0000b266  _errno                          
0     000851a9  _exit                           
0     0008333d  _fill_picture                   
1     0000b440  _flag1                          
1     0000b441  _flag2                          
1     0000b442  _flag3                          
1     0000b443  _i                              
1     0000b3c8  _invDutyPU                      
1     0000b3ca  _invDutyPUPrev                  
1     0000b3d8  _invIiInst                      
1     0000b3de  _invIiRef                       
1     0000b3e2  _invIiRefInst                   
1     0000b3e0  _invIoRef                       
1     0000b3e4  _invIoRefInst                   
1     0000b3c4  _invSine                        
1     0000b3c6  _invSinePrev                    
1     0000b3ea  _invVbusInst                    
1     0000b3ec  _invVbusRef                     
1     0000b3d2  _invVoInst                      
1     0000b3ce  _invVoRef                       
1     0000b3d0  _invVoRefInst                   
1     0000b2d0  _k                              
1     0000b30c  _kiu                            
1     0000b30a  _kpu                            
1     0000b2f0  _m                              
0     000839dc  _main                           
0     00085269  _memcpy                         
1     0000b2f2  _n                              
1     0000b2b6  _nomalization                   
1     0000b2b8  _nomalization1                  
0     0008324a  _oled_pow                       
1     0000b292  _omega                          
1     0000b2dc  _omega1                         
1     0000b294  _omega2                         
1     0000b316  _output0                        
1     0000b318  _output1                        
1     0000b44a  _pr                             
1     0000b3ee  _rgen1                          
0     00083cfa  _sendVOFAonechannel             
0     00083ced  _sendVOFAtail                   
0     00085088  _sin                            
1     0000b400  _sine_mains                     
0     00085088  _sinf                           
1     0000b2d6  _sogiess                        
1     0000b2de  _sogiess1                       
1     0000b2d4  _sogiki                         
1     0000b2d2  _sogikp                         
1     0000b2da  _sogikpi                        
1     0000b2e0  _sogikpi1                       
1     0000b2d8  _sogilast_ess                   
1     0000b2e2  _sogilast_ess1                  
0     000851f8  _sqrt                           
0     000851f8  _sqrtf                          
1     0000b2ce  _t                              
1     0000b296  _theta                          
1     0000b2fc  _theta1                         
1     0000b298  _theta2                         
0     00083fd1  _transmitSCIAChar               
0     00083fdd  _transmitSCIAMessage            
1     0000b3d4  _voltage_error                  
1     0000b2bc  _x                              
1     0000b2be  _x1                             
1     0000b320  _x2                             
1     0000b2c0  _y                              
1     0000b326  _y2                             
1     0000b3c1  _zeroCrossDetectFlag            
abs   ffffffff  binit                           
0     00081000  cinit                           
0     00080000  code_start                      
abs   ffffffff  etext                           
abs   ffffffff  pinit                           


GLOBAL SYMBOLS: SORTED BY Symbol Address 

page  address   name                            
----  -------   ----                            
0     00008000  _InitFlash                      
0     00008000  _RamfuncsRunStart               
0     0000803c  _FlashOff                       
0     00008048  _F28x_usDelay                   
0     0000804c  _RamfuncsRunEnd                 
0     00080000  code_start                      
0     00081000  ___cinit__                      
0     00081000  cinit                           
0     00081164  _RamfuncsLoadStart              
0     000811b0  _RamfuncsLoadEnd                
0     00082000  _QPR_Init                       
0     000820b7  _QPR_Update                     
0     00082129  _PID_PLL_PI_Init                
0     00082161  _PID_Current_Loop_Init          
0     00082198  _PID_Volteage_Loop_Init         
0     000821c9  _PID_Vdc_PI_Init                
0     000821e9  _PID_Processing                 
0     00082268  _Alpha_Beta_generate            
0     000822a8  _SOGI                           
0     0008233b  _PLL                            
0     000823bf  _XCKZ                           
0     000825f1  _One_period_control             
0     00082795  _TIMER1_ISR                     
[...]
0     00082ca0  _FSITXA2_ISR                    
0     00082caa  _FSIRXA1_ISR                    
0     00082cb4  _FSIRXA2_ISR                    
0     00082cbe  _CLA1PROMCRC_ISR                
0     00082cc8  _LINA_0_ISR                     
0     00082cd2  _LINA_1_ISR                     
0     00082cdc  _PMBUSA_ISR                     
0     00082ce6  _ADCC_EVT_ISR                   
0     00082cf0  _ADCC2_ISR                      
0     00082cfa  _ADCC3_ISR                      
0     00082d04  _ADCC4_ISR                      
0     00082d0e  _RAM_CORRECTABLE_ERROR_ISR      
0     00082d18  _FLASH_CORRECTABLE_ERROR_ISR    
0     00082d22  _RAM_ACCESS_VIOLATION_ISR       
0     00082d2c  _SYS_PLL_SLIP_ISR               
0     00082d36  _CLA_OVERFLOW_ISR               
0     00082d40  _CLA_UNDERFLOW_ISR              
0     00082d4a  _PIE_RESERVED_ISR               
0     00082d54  _EMPTY_ISR                      
0     00082d61  _NOTUSED_ISR                    
0     00082d6b  _SetVREF                        
0     00082dd3  _Init_ADC                       
0     00082e15  _ConfigureADCA_SOC              
0     00082e96  _ConfigureADCB_SOC              
0     00082efa  _ConfigureADCC_SOC              
0     00082f5e  _ConfigureADCA_PPB1             
0     00082f85  _InitCpuTimers                  
0     00082fc6  _ConfigCpuTimer                 
0     00083000  _OLED_Init                      
0     0008307c  _IIC_Start                      
0     00083091  _Write_IIC_Byte                 
0     000830c6  _IIC_Wait_Ack                   
0     000830d7  _IIC_Stop                       
0     000830ea  _Write_IIC_Command              
0     00083101  _Write_IIC_Data                 
0     00083118  _OLED_WR_Byte                   
0     00083126  _OLED_Refresh_Gram              
0     00083152  _OLED_Set_Pos                   
0     00083169  _OLED_Display_On                
0     00083176  _OLED_Display_Off               
0     00083183  _OLED_Clear                     
0     000831a1  _OLED_DrawPoint                 
0     000831d5  _OLED_Fill                      
0     000831f0  _OLED_ShowChar                  
0     0008324a  _oled_pow                       
0     0008325c  _OLED_ShowNum                   
0     000832a0  _OLED_ShowFloat                 
0     0008330e  _OLED_ShowString                
0     0008333d  _fill_picture                   
0     00083362  _OLED_ShowFontHZ                
0     000833d9  _OLED_DrawBMP                   
0     00083407  _InitSysCtrl                    
0     0008341e  _InitPeripheralClocks           
0     00083496  _DisablePeripheralClocks        
0     000834b0  _ServiceDog                     
0     000834be  _DisableDog                     
0     000834cc  _InitSysPll                     
0     0008359e  _CsmUnlock                      
0     000835bf  _SysIntOsc1Sel                  
0     000835cb  _SysIntOsc2Sel                  
0     000835f4  _SysXtalOscSel                  
0     00083617  _SysXtalOscSESel                
0     0008362d  _IDLE                           
0     00083636  _HALT                           
0     00083647  _IsPLLValid                     
0     000836f6  _InitGpio                       
0     00083734  _GPIO_SetupPinMux               
0     000837c0  _GPIO_SetupPinOptions           
0     00083854  _GPIO_SetupLock                 
0     0008387d  _GPIO_SetupXINT1Gpio            
0     00083887  _GPIO_SetupXINT2Gpio            
0     00083891  _GPIO_SetupXINT3Gpio            
0     0008389b  _GPIO_SetupXINT4Gpio            
0     000838a5  _GPIO_SetupXINT5Gpio            
0     000838af  _GPIO_ReadPin                   
0     000838c6  _GPIO_WritePin                  
0     000838e4  _Init_Led                       
0     00083906  _Init_InputIO                   
0     00083950  _Init_SpecialGpio               
0     000839dc  _main                           
0     00083ccc  _FloatToByte                    
0     00083ced  _sendVOFAtail                   
0     00083cfa  _sendVOFAonechannel             
0     00083d12  _InitBoard                      
0     00083d3a  _InitDebug                      
0     00083d41  _InitGlobalVariable             
0     00083d64  _InitSineAnalyzer               
0     00083d98  _InitRAMPGEN                    
0     00083db1  _InitApplication                
0     00083db6  _Init_ePWM1GPIO                 
0     00083dcc  _Init_ePWM2GPIO                 
0     00083de2  _Init_ePWM3GPIO                 
0     00083df9  _Init_ePWM4GPIO                 
0     00083e10  _Init_ePWM5GPIO                 
0     00083e26  _Init_ePWM6GPIO                 
0     00083e3c  _Init_ePWM7GPIO                 
0     00083e54  _Init_ePWM8GPIO                 
0     00083e6c  _Init_ePWM1                     
0     00083ee9  _Init_ePWM2                     
0     00083f40  _Manual_TriggerTZ               
0     00083f62  _Init_SCIAGPIO                  
0     00083f86  _Init_SCIA_FIFO                 
0     00083fac  _Init_SCIB_FIFO                 
0     00083fad  _Init_SCIA                      
0     00083fd1  _transmitSCIAChar               
0     00083fdd  _transmitSCIAMessage            
0     00083ff0  __register_unlock               
0     00083ff4  __register_lock                 
0     00083ff8  __nop                           
0     00083ff9  _SetDBGIER                      
0     00083ffc  __system_pre_init               
0     00083ffe  __system_post_cinit             
0     00084000  _ascii_1206                     
0     00084474  _FontHzk_24                     
0     00084744  _PieVectTableInit               
0     00084904  _FontHzk_16                     
0     00084a44  _FontHzk_12                     
0     00085000  FS$$DIV                         
0     00085088  _sin                            
0     00085088  _sinf                           
0     000850ee  _cos                            
0     000850ee  _cosf                           
0     00085151  _c_int00                        
0     000851a7  C$$EXIT                         
0     000851a7  _abort                          
0     000851a9  _exit                           
0     000851d0  _InitPieCtrl                    
0     000851ef  _EnableInterrupts               
0     000851f8  _sqrt                           
0     000851f8  _sqrtf                          
0     0008521f  _InitPieVectTable               
0     00085245  _copy_in                        
0     00085269  _memcpy                         
0     00085286  __args_main                     
1     000000f6  __stack                         
1     000002f6  __STACK_END                     
1     00000b00  _AdcaResultRegs                 
1     00000b20  _AdcbResultRegs                 
1     00000b40  _AdccResultRegs                 
1     00000c00  _CpuTimer0Regs                  
1     00000c08  _CpuTimer1Regs                  
1     00000c10  _CpuTimer2Regs                  
1     00000ce0  _PieCtrlRegs                    
1     00000d00  _PieVectTable                   
1     00001000  _DmaRegs                        
1     00001400  _Cla1Regs                       
1     00003000  _Clb1LogicCfgRegs               
1     00003100  _Clb1LogicCtrlRegs              
1     00003200  _Clb1DataExchRegs               
1     00003400  _Clb2LogicCfgRegs               
1     00003500  _Clb2LogicCtrlRegs              
1     00003600  _Clb2DataExchRegs               
1     00003800  _Clb3LogicCfgRegs               
1     00003900  _Clb3LogicCtrlRegs              
1     00003a00  _Clb3DataExchRegs               
1     00003c00  _Clb4LogicCfgRegs               
1     00003d00  _Clb4LogicCtrlRegs              
1     00003e00  _Clb4DataExchRegs               
1     00004000  _EPwm1Regs                      
1     00004100  _EPwm2Regs                      
1     00004200  _EPwm3Regs                      
1     00004300  _EPwm4Regs                      
1     00004400  _EPwm5Regs                      
1     00004500  _EPwm6Regs                      
1     00004600  _EPwm7Regs                      
1     00004700  _EPwm8Regs                      
1     00005100  _EQep1Regs                      
1     00005140  _EQep2Regs                      
1     00005200  _ECap1Regs                      
1     00005240  _ECap2Regs                      
1     00005280  _ECap3Regs                      
1     000052c0  _ECap4Regs                      
1     00005300  _ECap5Regs                      
1     00005340  _ECap6Regs                      
1     00005360  _HRCap6Regs                     
1     00005380  _ECap7Regs                      
1     000053a0  _HRCap7Regs                     
1     00005b00  _Pga1Regs                       
1     00005b10  _Pga2Regs                       
1     00005b20  _Pga3Regs                       
1     00005b30  _Pga4Regs                       
1     00005b40  _Pga5Regs                       
1     00005b50  _Pga6Regs                       
1     00005b60  _Pga7Regs                       
1     00005c00  _DacaRegs                       
1     00005c10  _DacbRegs                       
1     00005c80  _Cmpss1Regs                     
1     00005ca0  _Cmpss2Regs                     
1     00005cc0  _Cmpss3Regs                     
1     00005ce0  _Cmpss4Regs                     
1     00005d00  _Cmpss5Regs                     
1     00005d20  _Cmpss6Regs                     
1     00005d40  _Cmpss7Regs                     
1     00005e00  _Sdfm1Regs                      
1     00006100  _SpiaRegs                       
1     00006110  _SpibRegs                       
1     000061c0  _ClaPromCrc0Regs                
1     00006400  _PmbusaRegs                     
1     00006600  _FsiTxaRegs                     
1     00006680  _FsiRxaRegs                     
1     00006a00  _LinaRegs                       
1     00007000  _WdRegs                         
1     00007060  _NmiIntruptRegs                 
1     00007070  _XintRegs                       
1     00007200  _SciaRegs                       
1     00007210  _ScibRegs                       
1     00007300  _I2caRegs                       
1     00007400  _AdcaRegs                       
1     00007480  _AdcbRegs                       
1     00007500  _AdccRegs                       
1     00007900  _InputXbarRegs                  
1     00007920  _XbarRegs                       
1     00007940  _SyncSocRegs                    
1     00007980  _DmaClaSrcSelRegs               
1     00007a00  _EPwmXbarRegs                   
1     00007a40  _CLBXbarRegs                    
1     00007a80  _OutputXbarRegs                 
1     00007c00  _GpioCtrlRegs                   
1     00007f00  _GpioDataRegs                   
1     0000a800  _OLED_GRAM                      
1     0000af20  _CpuTimer0                      
1     0000af28  _CpuTimer1                      
1     0000af30  _CpuTimer2                      
1     0000af38  ___TI_enable_exit_profile_output
1     0000af3a  ___TI_cleanup_ptr               
1     0000af3c  ___TI_dtors_ptr                 
1     0000af3e  __lock                          
1     0000b260  _debugarry                      
1     0000b264  __unlock                        
1     0000b266  _errno                          
1     0000b280  _CMP1                           
1     0000b281  _CMP2                           
1     0000b282  _GridConnected                  
1     0000b286  _Valpha                         
1     0000b288  _Vbeta                          
1     0000b28a  _Ialpha                         
1     0000b28c  _Ibeta                          
1     0000b28e  _Valpha1                        
1     0000b290  _Vbeta1                         
1     0000b292  _omega                          
1     0000b294  _omega2                         
1     0000b296  _theta                          
1     0000b298  _theta2                         
1     0000b29a  _Vd                             
1     0000b29c  _Vq                             
1     0000b29e  _Id                             
1     0000b2a0  _Iq                             
1     0000b2a2  _Id1                            
1     0000b2a4  _Iq1                            
1     0000b2a6  _Vd1                            
1     0000b2a8  _Vq1                            
1     0000b2aa  _Vdref                          
1     0000b2ac  _Vqref                          
1     0000b2ae  _Idref                          
1     0000b2b0  _Iqref                          
1     0000b2b2  _Vref                           
1     0000b2b4  _Iref                           
1     0000b2b6  _nomalization                   
1     0000b2b8  _nomalization1                  
1     0000b2ba  _Uin1                           
1     0000b2bc  _x                              
1     0000b2be  _x1                             
1     0000b2c0  _y                              
1     0000b2c2  _Ualhfa                         
1     0000b2c4  _Ubeta                          
1     0000b2c6  _Ualhfa1                        
1     0000b2c8  _Ubeta1                         
1     0000b2ca  _Ialhfa1                        
1     0000b2cc  _Ibeta1                         
1     0000b2ce  _t                              
1     0000b2d0  _k                              
1     0000b2d2  _sogikp                         
1     0000b2d4  _sogiki                         
1     0000b2d6  _sogiess                        
1     0000b2d8  _sogilast_ess                   
1     0000b2da  _sogikpi                        
1     0000b2dc  _omega1                         
1     0000b2de  _sogiess1                       
1     0000b2e0  _sogikpi1                       
1     0000b2e2  _sogilast_ess1                  
1     0000b2e4  _PresentPinst                   
1     0000b2e6  _PresentQinst                   
1     0000b2e8  _PresentPinstLpf                
1     0000b2ea  _PresentQinstLpf                
1     0000b2ec  _PresentPinstLpf_1              
1     0000b2ee  _PresentQinstLpf_1              
1     0000b2f0  _m                              
1     0000b2f2  _n                              
1     0000b2f4  _W2                             
1     0000b2f6  _Wo                             
1     0000b2f8  _Wref                           
1     0000b2fa  _Vxc                            
1     0000b2fc  _theta1                         
1     0000b2fe  _Vref1                          
1     0000b300  _L                              
1     0000b302  _Vref2                          
1     0000b304  _Uess                           
1     0000b306  _Uesslast                       
1     0000b308  _Uesspi                         
1     0000b30a  _kpu                            
1     0000b30c  _kiu                            
1     0000b30e  _Kpiu                           
1     0000b310  _Iess                           
1     0000b312  _Ut                             
1     0000b314  _Ialphalast                     
1     0000b316  _output0                        
1     0000b318  _output1                        
1     0000b31a  _abc                            
1     0000b31c  _Uin2                           
1     0000b31e  _Iin2                           
1     0000b320  _x2                             
1     0000b322  _Ualhfa2                        
1     0000b324  _Ubeta2                         
1     0000b326  _y2                             
1     0000b328  _Ialhfa12                       
1     0000b32a  _Ibeta12                        
1     0000b32c  _Valpha2                        
1     0000b32e  _Ialpha2                        
1     0000b330  _Vbeta2                         
1     0000b332  _Ibeta2                         
1     0000b340  _PLL_PI                         
1     0000b354  _Id_PI                          
1     0000b368  _Iq_PI                          
1     0000b380  _Vd_PI                          
1     0000b394  _Vq_PI                          
1     0000b3a8  _Vdc_PI                         
1     0000b3c0  _ISR_ADCA1                      
1     0000b3c1  _zeroCrossDetectFlag            
1     0000b3c2  _clearInvTrip                   
1     0000b3c4  _invSine                        
1     0000b3c6  _invSinePrev                    
1     0000b3c8  _invDutyPU                      
1     0000b3ca  _invDutyPUPrev                  
1     0000b3cc  _VAC_FB                         
1     0000b3ce  _invVoRef                       
1     0000b3d0  _invVoRefInst                   
1     0000b3d2  _invVoInst                      
1     0000b3d4  _voltage_error                  
1     0000b3d6  _IAC_FB                         
1     0000b3d8  _invIiInst                      
1     0000b3da  _Uin                            
1     0000b3dc  _Iin                            
1     0000b3de  _invIiRef                       
1     0000b3e0  _invIoRef                       
1     0000b3e2  _invIiRefInst                   
1     0000b3e4  _invIoRefInst                   
1     0000b3e6  _current_error                  
1     0000b3e8  _VDC_FB                         
1     0000b3ea  _invVbusInst                    
1     0000b3ec  _invVbusRef                     
1     0000b3ee  _rgen1                          
1     0000b400  _sine_mains                     
1     0000b440  _flag1                          
1     0000b441  _flag2                          
1     0000b442  _flag3                          
1     0000b443  _i                              
1     0000b444  _Vguoya                         
1     0000b445  _Iguoliu                        
1     0000b446  _debugfloat                     
1     0000b448  _IrefVP                         
1     0000b44a  _pr                             
1     00048000  _CanaRegs                       
1     0004a000  _CanbRegs                       
1     0005d000  _DevCfgRegs                     
1     0005d200  _ClkCfgRegs                     
1     0005d300  _CpuSysRegs                     
1     0005d500  _SysPeriphAcRegs                
1     0005d700  _AnalogSubsysRegs               
1     0005e700  _Dcc0Regs                       
1     0005e800  _EradGlobalRegs                 
1     0005e900  _EradHWBP1Regs                  
1     0005e908  _EradHWBP2Regs                  
1     0005e910  _EradHWBP3Regs                  
1     0005e918  _EradHWBP4Regs                  
1     0005e920  _EradHWBP5Regs                  
1     0005e928  _EradHWBP6Regs                  
1     0005e930  _EradHWBP7Regs                  
1     0005e938  _EradHWBP8Regs                  
1     0005e980  _EradCounter1Regs               
1     0005e990  _EradCounter2Regs               
1     0005e9a0  _EradCounter3Regs               
1     0005e9b0  _EradCounter4Regs               
1     0005f000  _DcsmBank0Z1Regs                
1     0005f040  _DcsmBank0Z2Regs                
1     0005f070  _DcsmCommonRegs                 
1     0005f100  _DcsmBank1Z1Regs                
1     0005f140  _DcsmBank1Z2Regs                
1     0005f400  _MemCfgRegs                     
1     0005f4c0  _AccessProtectionRegs           
1     0005f500  _MemoryErrorRegs                
1     0005f800  _Flash0CtrlRegs                 
1     0005fb00  _Flash0EccRegs                  
abs   0000004c  _RamfuncsLoadSize               
abs   0000004c  _RamfuncsRunSize                
abs   00000200  __STACK_SIZE                    
abs   ffffffff  .text                           
abs   ffffffff  ___TI_pprof_out_hndl            
abs   ffffffff  ___TI_prof_data_size            
abs   ffffffff  ___TI_prof_data_start           
abs   ffffffff  ___binit__                      
abs   ffffffff  ___c_args__                     
abs   ffffffff  ___etext__                      
abs   ffffffff  ___pinit__                      
abs   ffffffff  ___text__                       
abs   ffffffff  binit                           
abs   ffffffff  etext                           
abs   ffffffff  pinit                           

[529 symbols]
